

================================================================
== Vivado HLS Report for 'pointwise_conv_2d_cl_array_array_ap_fixed_8_2_0_0_0_1u_config49_s'
================================================================
* Date:           Mon Aug 12 13:34:45 2024

* Version:        2019.2 (Build 2704478 on Wed Nov 06 22:10:23 MST 2019)
* Project:        myproject_prj
* Solution:       solution1
* Product family: virtexuplus
* Target device:  xcvu13p-flga2577-2-e


================================================================
== Performance Estimates
================================================================
+ Timing: 
    * Summary: 
    +--------+---------+----------+------------+
    |  Clock |  Target | Estimated| Uncertainty|
    +--------+---------+----------+------------+
    |ap_clk  | 2.78 ns | 2.347 ns |   0.35 ns  |
    +--------+---------+----------+------------+

+ Latency: 
    * Summary: 
    +---------+---------+----------+----------+-----+-----+---------+
    |  Latency (cycles) |  Latency (absolute) |  Interval | Pipeline|
    |   min   |   max   |    min   |    max   | min | max |   Type  |
    +---------+---------+----------+----------+-----+-----+---------+
    |      773|      773| 2.147 us | 2.147 us |  773|  773|   none  |
    +---------+---------+----------+----------+-----+-----+---------+

    + Detail: 
        * Instance: 
        N/A

        * Loop: 
        +----------------------------------+---------+---------+----------+-----------+-----------+------+----------+
        |                                  |  Latency (cycles) | Iteration|  Initiation Interval  | Trip |          |
        |             Loop Name            |   min   |   max   |  Latency |  achieved |   target  | Count| Pipelined|
        +----------------------------------+---------+---------+----------+-----------+-----------+------+----------+
        |- ReadInputHeight_ReadInputWidth  |      771|      771|         5|          1|          1|   768|    yes   |
        +----------------------------------+---------+---------+----------+-----------+-----------+------+----------+

============================================================
+ Verbose Summary: Synthesis Manager
============================================================
InlineROM: 1
ExposeGlobal: 0
============================================================
+ Verbose Summary: CDFG Model
============================================================
IsTopModel: 0
ResetActiveHigh: 1
IsCombinational: 2
IsDatapathOnly: 0
HasWiredReturn: 1
HasMFsm: 0
HasVarLatency: 1
IsPipeline: 0
IsRtlPipelined: 0
IsInstanceOverlapped: 0
IsDontTouch: 0
HasImplIP: 0
IsGatedGlobalClock: 0

+ Individual pipeline summary: 
  * Pipeline-0: initiation interval (II) = 1, depth = 5


============================================================
+ Verbose Summary: Schedule
============================================================
* Number of FSM states : 7
* Pipeline : 1
  Pipeline-0 : II = 1, D = 5, States = { 2 3 4 5 6 }
* Dataflow Pipeline: 0

* FSM state transitions: 
1 --> 2 
2 --> 7 3 
3 --> 4 
4 --> 5 
5 --> 6 
6 --> 2 
7 --> 

* FSM state operations: 

State 1 <SV = 0> <Delay = 0.60>
ST_1 : Operation 8 [1/1] (0.00ns)   --->   "call void (...)* @_ssdm_op_SpecInterface(i8* %res_V_data_V, [8 x i8]* @ap_fifo_str, i32 0, i32 0, [1 x i8]* @p_str843, i32 0, i32 0, [1 x i8]* @p_str844, [1 x i8]* @p_str845, [1 x i8]* @p_str846, i32 2, i32 2, i32 16, i32 16, [1 x i8]* @p_str847, [1 x i8]* @p_str848)"   --->   Operation 8 'specinterface' <Predicate = true> <Delay = 0.00>
ST_1 : Operation 9 [1/1] (0.00ns)   --->   "call void (...)* @_ssdm_op_SpecInterface(i8* %data_V_data_3_V, [8 x i8]* @ap_fifo_str, i32 0, i32 0, [1 x i8]* @p_str808, i32 0, i32 0, [1 x i8]* @p_str809, [1 x i8]* @p_str810, [1 x i8]* @p_str811, i32 2, i32 2, i32 16, i32 16, [1 x i8]* @p_str812, [1 x i8]* @p_str813)"   --->   Operation 9 'specinterface' <Predicate = true> <Delay = 0.00>
ST_1 : Operation 10 [1/1] (0.00ns)   --->   "call void (...)* @_ssdm_op_SpecInterface(i8* %data_V_data_2_V, [8 x i8]* @ap_fifo_str, i32 0, i32 0, [1 x i8]* @p_str801, i32 0, i32 0, [1 x i8]* @p_str802, [1 x i8]* @p_str803, [1 x i8]* @p_str804, i32 2, i32 2, i32 16, i32 16, [1 x i8]* @p_str805, [1 x i8]* @p_str806)"   --->   Operation 10 'specinterface' <Predicate = true> <Delay = 0.00>
ST_1 : Operation 11 [1/1] (0.00ns)   --->   "call void (...)* @_ssdm_op_SpecInterface(i8* %data_V_data_1_V, [8 x i8]* @ap_fifo_str, i32 0, i32 0, [1 x i8]* @p_str794, i32 0, i32 0, [1 x i8]* @p_str795, [1 x i8]* @p_str796, [1 x i8]* @p_str797, i32 2, i32 2, i32 16, i32 16, [1 x i8]* @p_str798, [1 x i8]* @p_str799)"   --->   Operation 11 'specinterface' <Predicate = true> <Delay = 0.00>
ST_1 : Operation 12 [1/1] (0.00ns)   --->   "call void (...)* @_ssdm_op_SpecInterface(i8* %data_V_data_0_V, [8 x i8]* @ap_fifo_str, i32 0, i32 0, [1 x i8]* @p_str787, i32 0, i32 0, [1 x i8]* @p_str788, [1 x i8]* @p_str789, [1 x i8]* @p_str790, i32 2, i32 2, i32 16, i32 16, [1 x i8]* @p_str791, [1 x i8]* @p_str792)"   --->   Operation 12 'specinterface' <Predicate = true> <Delay = 0.00>
ST_1 : Operation 13 [1/1] (0.60ns)   --->   "br label %1" [firmware/nnet_utils/nnet_sepconv2d_stream.h:106]   --->   Operation 13 'br' <Predicate = true> <Delay = 0.60>

State 2 <SV = 1> <Delay = 0.60>
ST_2 : Operation 14 [1/1] (0.00ns)   --->   "%indvar_flatten = phi i10 [ 0, %0 ], [ %add_ln106, %ReadInputWidth_begin ]" [firmware/nnet_utils/nnet_sepconv2d_stream.h:106]   --->   Operation 14 'phi' 'indvar_flatten' <Predicate = true> <Delay = 0.00>
ST_2 : Operation 15 [1/1] (0.60ns)   --->   "%icmp_ln106 = icmp eq i10 %indvar_flatten, -256" [firmware/nnet_utils/nnet_sepconv2d_stream.h:106]   --->   Operation 15 'icmp' 'icmp_ln106' <Predicate = true> <Delay = 0.60> <Core = "Cmp">   --->   Core 25 'Cmp' <Latency = 0> <II = 1> <Delay = 0.34> <FuncUnit> <Opcode : 'icmp'> <InPorts = 2> <OutPorts = 1>
ST_2 : Operation 16 [1/1] (0.54ns)   --->   "%add_ln106 = add i10 %indvar_flatten, 1" [firmware/nnet_utils/nnet_sepconv2d_stream.h:106]   --->   Operation 16 'add' 'add_ln106' <Predicate = true> <Delay = 0.54> <Core = "AddSub">   --->   Core 14 'AddSub' <Latency = 0> <II = 1> <Delay = 0.48> <FuncUnit> <Opcode : 'add' 'sub'> <InPorts = 2> <OutPorts = 1>
ST_2 : Operation 17 [1/1] (0.00ns)   --->   "br i1 %icmp_ln106, label %2, label %ReadInputWidth_begin" [firmware/nnet_utils/nnet_sepconv2d_stream.h:106]   --->   Operation 17 'br' <Predicate = true> <Delay = 0.00>

State 3 <SV = 2> <Delay = 1.21>
ST_3 : Operation 18 [1/1] (1.21ns)   --->   "%empty_137 = call { i8, i8, i8, i8 } @_ssdm_op_Read.ap_fifo.volatile.i8P.i8P.i8P.i8P(i8* %data_V_data_0_V, i8* %data_V_data_1_V, i8* %data_V_data_2_V, i8* %data_V_data_3_V)" [firmware/nnet_utils/nnet_sepconv2d_stream.h:113]   --->   Operation 18 'read' 'empty_137' <Predicate = (!icmp_ln106)> <Delay = 1.21> <Core = "FIFO_SRL">   --->   Core 36 'FIFO_SRL' <Latency = 0> <II = 1> <Delay = 1.45> <Storage> <Opcode : 'read' 'write' 'nbread' 'nbwrite'> <Ports = 0> <Width = 8> <Depth = 0> <FIFO>
ST_3 : Operation 19 [1/1] (0.00ns)   --->   "%tmp_data_0_V = extractvalue { i8, i8, i8, i8 } %empty_137, 0" [firmware/nnet_utils/nnet_sepconv2d_stream.h:113]   --->   Operation 19 'extractvalue' 'tmp_data_0_V' <Predicate = (!icmp_ln106)> <Delay = 0.00>
ST_3 : Operation 20 [1/1] (0.00ns)   --->   "%tmp_data_1_V = extractvalue { i8, i8, i8, i8 } %empty_137, 1" [firmware/nnet_utils/nnet_sepconv2d_stream.h:113]   --->   Operation 20 'extractvalue' 'tmp_data_1_V' <Predicate = (!icmp_ln106)> <Delay = 0.00>
ST_3 : Operation 21 [1/1] (0.00ns)   --->   "%tmp_data_2_V = extractvalue { i8, i8, i8, i8 } %empty_137, 2" [firmware/nnet_utils/nnet_sepconv2d_stream.h:113]   --->   Operation 21 'extractvalue' 'tmp_data_2_V' <Predicate = (!icmp_ln106)> <Delay = 0.00>
ST_3 : Operation 22 [1/1] (0.00ns)   --->   "%tmp_data_3_V = extractvalue { i8, i8, i8, i8 } %empty_137, 3" [firmware/nnet_utils/nnet_sepconv2d_stream.h:113]   --->   Operation 22 'extractvalue' 'tmp_data_3_V' <Predicate = (!icmp_ln106)> <Delay = 0.00>

State 4 <SV = 3> <Delay = 2.34>
ST_4 : Operation 23 [1/1] (0.00ns)   --->   "%sext_ln1118 = sext i8 %tmp_data_0_V to i12" [firmware/nnet_utils/nnet_mult.h:73->firmware/nnet_utils/nnet_dense_latency.h:42->firmware/nnet_utils/nnet_sepconv_stream.h:158->firmware/nnet_utils/nnet_sepconv2d_stream.h:113]   --->   Operation 23 'sext' 'sext_ln1118' <Predicate = (!icmp_ln106)> <Delay = 0.00>
ST_4 : Operation 24 [1/1] (0.00ns)   --->   "%shl_ln = call i11 @_ssdm_op_BitConcatenate.i11.i8.i3(i8 %tmp_data_0_V, i3 0)" [firmware/nnet_utils/nnet_mult.h:73->firmware/nnet_utils/nnet_dense_latency.h:42->firmware/nnet_utils/nnet_sepconv_stream.h:158->firmware/nnet_utils/nnet_sepconv2d_stream.h:113]   --->   Operation 24 'bitconcatenate' 'shl_ln' <Predicate = (!icmp_ln106)> <Delay = 0.00>
ST_4 : Operation 25 [1/1] (0.00ns)   --->   "%sext_ln1118_36 = sext i11 %shl_ln to i12" [firmware/nnet_utils/nnet_mult.h:73->firmware/nnet_utils/nnet_dense_latency.h:42->firmware/nnet_utils/nnet_sepconv_stream.h:158->firmware/nnet_utils/nnet_sepconv2d_stream.h:113]   --->   Operation 25 'sext' 'sext_ln1118_36' <Predicate = (!icmp_ln106)> <Delay = 0.00>
ST_4 : Operation 26 [1/1] (0.00ns) (grouped into TernaryAdder)   --->   "%sub_ln1118 = sub i12 0, %sext_ln1118_36" [firmware/nnet_utils/nnet_mult.h:73->firmware/nnet_utils/nnet_dense_latency.h:42->firmware/nnet_utils/nnet_sepconv_stream.h:158->firmware/nnet_utils/nnet_sepconv2d_stream.h:113]   --->   Operation 26 'sub' 'sub_ln1118' <Predicate = (!icmp_ln106)> <Delay = 0.00> <Core = "TAddSub">   --->   Core 83 'TAddSub' <Latency = 0> <II = 1> <Delay = 0.35> <IPBlock> <Opcode : 'add' 'sub'> <InPorts = 3> <OutPorts = 1> <Sync> <CReg>
ST_4 : Operation 27 [1/1] (0.75ns) (root node of TernaryAdder)   --->   "%sub_ln1118_10 = sub i12 %sub_ln1118, %sext_ln1118" [firmware/nnet_utils/nnet_mult.h:73->firmware/nnet_utils/nnet_dense_latency.h:42->firmware/nnet_utils/nnet_sepconv_stream.h:158->firmware/nnet_utils/nnet_sepconv2d_stream.h:113]   --->   Operation 27 'sub' 'sub_ln1118_10' <Predicate = (!icmp_ln106)> <Delay = 0.75> <Core = "TAddSub">   --->   Core 83 'TAddSub' <Latency = 0> <II = 1> <Delay = 0.35> <IPBlock> <Opcode : 'add' 'sub'> <InPorts = 3> <OutPorts = 1> <Sync> <CReg>
ST_4 : Operation 28 [1/1] (0.00ns)   --->   "%trunc_ln = call i10 @_ssdm_op_PartSelect.i10.i12.i32.i32(i12 %sub_ln1118_10, i32 2, i32 11)" [firmware/nnet_utils/nnet_dense_latency.h:42->firmware/nnet_utils/nnet_sepconv_stream.h:158->firmware/nnet_utils/nnet_sepconv2d_stream.h:113]   --->   Operation 28 'partselect' 'trunc_ln' <Predicate = (!icmp_ln106)> <Delay = 0.00>
ST_4 : Operation 29 [1/1] (0.00ns)   --->   "%sext_ln415 = sext i10 %trunc_ln to i11" [firmware/nnet_utils/nnet_dense_latency.h:42->firmware/nnet_utils/nnet_sepconv_stream.h:158->firmware/nnet_utils/nnet_sepconv2d_stream.h:113]   --->   Operation 29 'sext' 'sext_ln415' <Predicate = (!icmp_ln106)> <Delay = 0.00>
ST_4 : Operation 30 [1/1] (0.00ns)   --->   "%tmp_99 = call i1 @_ssdm_op_BitSelect.i1.i12.i32(i12 %sub_ln1118_10, i32 1)" [firmware/nnet_utils/nnet_dense_latency.h:42->firmware/nnet_utils/nnet_sepconv_stream.h:158->firmware/nnet_utils/nnet_sepconv2d_stream.h:113]   --->   Operation 30 'bitselect' 'tmp_99' <Predicate = (!icmp_ln106)> <Delay = 0.00>
ST_4 : Operation 31 [1/1] (0.00ns)   --->   "%zext_ln1118 = zext i1 %tmp_99 to i2" [firmware/nnet_utils/nnet_mult.h:73->firmware/nnet_utils/nnet_dense_latency.h:42->firmware/nnet_utils/nnet_sepconv_stream.h:158->firmware/nnet_utils/nnet_sepconv2d_stream.h:113]   --->   Operation 31 'zext' 'zext_ln1118' <Predicate = (!icmp_ln106)> <Delay = 0.00>
ST_4 : Operation 32 [1/1] (0.00ns)   --->   "%sext_ln1118_37 = sext i8 %tmp_data_1_V to i11" [firmware/nnet_utils/nnet_mult.h:73->firmware/nnet_utils/nnet_dense_latency.h:42->firmware/nnet_utils/nnet_sepconv_stream.h:158->firmware/nnet_utils/nnet_sepconv2d_stream.h:113]   --->   Operation 32 'sext' 'sext_ln1118_37' <Predicate = (!icmp_ln106)> <Delay = 0.00>
ST_4 : Operation 33 [1/1] (0.00ns)   --->   "%shl_ln1118_s = call i10 @_ssdm_op_BitConcatenate.i10.i8.i2(i8 %tmp_data_1_V, i2 0)" [firmware/nnet_utils/nnet_mult.h:73->firmware/nnet_utils/nnet_dense_latency.h:42->firmware/nnet_utils/nnet_sepconv_stream.h:158->firmware/nnet_utils/nnet_sepconv2d_stream.h:113]   --->   Operation 33 'bitconcatenate' 'shl_ln1118_s' <Predicate = (!icmp_ln106)> <Delay = 0.00>
ST_4 : Operation 34 [1/1] (0.00ns)   --->   "%sext_ln1118_38 = sext i10 %shl_ln1118_s to i11" [firmware/nnet_utils/nnet_mult.h:73->firmware/nnet_utils/nnet_dense_latency.h:42->firmware/nnet_utils/nnet_sepconv_stream.h:158->firmware/nnet_utils/nnet_sepconv2d_stream.h:113]   --->   Operation 34 'sext' 'sext_ln1118_38' <Predicate = (!icmp_ln106)> <Delay = 0.00>
ST_4 : Operation 35 [1/1] (0.00ns) (grouped into TernaryAdder)   --->   "%sub_ln1118_11 = sub i11 0, %sext_ln1118_38" [firmware/nnet_utils/nnet_mult.h:73->firmware/nnet_utils/nnet_dense_latency.h:42->firmware/nnet_utils/nnet_sepconv_stream.h:158->firmware/nnet_utils/nnet_sepconv2d_stream.h:113]   --->   Operation 35 'sub' 'sub_ln1118_11' <Predicate = (!icmp_ln106)> <Delay = 0.00> <Core = "TAddSub">   --->   Core 83 'TAddSub' <Latency = 0> <II = 1> <Delay = 0.35> <IPBlock> <Opcode : 'add' 'sub'> <InPorts = 3> <OutPorts = 1> <Sync> <CReg>
ST_4 : Operation 36 [1/1] (0.77ns) (root node of TernaryAdder)   --->   "%sub_ln1118_12 = sub i11 %sub_ln1118_11, %sext_ln1118_37" [firmware/nnet_utils/nnet_mult.h:73->firmware/nnet_utils/nnet_dense_latency.h:42->firmware/nnet_utils/nnet_sepconv_stream.h:158->firmware/nnet_utils/nnet_sepconv2d_stream.h:113]   --->   Operation 36 'sub' 'sub_ln1118_12' <Predicate = (!icmp_ln106)> <Delay = 0.77> <Core = "TAddSub">   --->   Core 83 'TAddSub' <Latency = 0> <II = 1> <Delay = 0.35> <IPBlock> <Opcode : 'add' 'sub'> <InPorts = 3> <OutPorts = 1> <Sync> <CReg>
ST_4 : Operation 37 [1/1] (0.00ns)   --->   "%trunc_ln708_s = call i9 @_ssdm_op_PartSelect.i9.i11.i32.i32(i11 %sub_ln1118_12, i32 2, i32 10)" [firmware/nnet_utils/nnet_dense_latency.h:42->firmware/nnet_utils/nnet_sepconv_stream.h:158->firmware/nnet_utils/nnet_sepconv2d_stream.h:113]   --->   Operation 37 'partselect' 'trunc_ln708_s' <Predicate = (!icmp_ln106)> <Delay = 0.00>
ST_4 : Operation 38 [1/1] (0.00ns)   --->   "%sext_ln415_35 = sext i9 %trunc_ln708_s to i10" [firmware/nnet_utils/nnet_dense_latency.h:42->firmware/nnet_utils/nnet_sepconv_stream.h:158->firmware/nnet_utils/nnet_sepconv2d_stream.h:113]   --->   Operation 38 'sext' 'sext_ln415_35' <Predicate = (!icmp_ln106)> <Delay = 0.00>
ST_4 : Operation 39 [1/1] (0.00ns)   --->   "%tmp_100 = call i1 @_ssdm_op_BitSelect.i1.i11.i32(i11 %sub_ln1118_12, i32 1)" [firmware/nnet_utils/nnet_dense_latency.h:42->firmware/nnet_utils/nnet_sepconv_stream.h:158->firmware/nnet_utils/nnet_sepconv2d_stream.h:113]   --->   Operation 39 'bitselect' 'tmp_100' <Predicate = (!icmp_ln106)> <Delay = 0.00>
ST_4 : Operation 40 [1/1] (0.00ns)   --->   "%zext_ln1118_8 = zext i1 %tmp_100 to i2" [firmware/nnet_utils/nnet_mult.h:73->firmware/nnet_utils/nnet_dense_latency.h:42->firmware/nnet_utils/nnet_sepconv_stream.h:158->firmware/nnet_utils/nnet_sepconv2d_stream.h:113]   --->   Operation 40 'zext' 'zext_ln1118_8' <Predicate = (!icmp_ln106)> <Delay = 0.00>
ST_4 : Operation 41 [1/1] (0.00ns)   --->   "%sext_ln1118_39 = sext i8 %tmp_data_2_V to i15" [firmware/nnet_utils/nnet_mult.h:73->firmware/nnet_utils/nnet_dense_latency.h:42->firmware/nnet_utils/nnet_sepconv_stream.h:158->firmware/nnet_utils/nnet_sepconv2d_stream.h:113]   --->   Operation 41 'sext' 'sext_ln1118_39' <Predicate = (!icmp_ln106)> <Delay = 0.00>
ST_4 : Operation 42 [1/1] (1.55ns)   --->   "%mul_ln1118 = mul i15 35, %sext_ln1118_39" [firmware/nnet_utils/nnet_mult.h:73->firmware/nnet_utils/nnet_dense_latency.h:42->firmware/nnet_utils/nnet_sepconv_stream.h:158->firmware/nnet_utils/nnet_sepconv2d_stream.h:113]   --->   Operation 42 'mul' 'mul_ln1118' <Predicate = (!icmp_ln106)> <Delay = 1.55> <Core = "Mul">   --->   Core 16 'Mul' <Latency = 0> <II = 1> <Delay = 1.55> <FuncUnit> <Opcode : 'mul'> <InPorts = 2> <OutPorts = 1>
ST_4 : Operation 43 [1/1] (0.00ns)   --->   "%trunc_ln708_37 = call i13 @_ssdm_op_PartSelect.i13.i15.i32.i32(i15 %mul_ln1118, i32 2, i32 14)" [firmware/nnet_utils/nnet_dense_latency.h:42->firmware/nnet_utils/nnet_sepconv_stream.h:158->firmware/nnet_utils/nnet_sepconv2d_stream.h:113]   --->   Operation 43 'partselect' 'trunc_ln708_37' <Predicate = (!icmp_ln106)> <Delay = 0.00>
ST_4 : Operation 44 [1/1] (0.00ns)   --->   "%sext_ln415_36 = sext i13 %trunc_ln708_37 to i14" [firmware/nnet_utils/nnet_dense_latency.h:42->firmware/nnet_utils/nnet_sepconv_stream.h:158->firmware/nnet_utils/nnet_sepconv2d_stream.h:113]   --->   Operation 44 'sext' 'sext_ln415_36' <Predicate = (!icmp_ln106)> <Delay = 0.00>
ST_4 : Operation 45 [1/1] (0.00ns)   --->   "%tmp_101 = call i1 @_ssdm_op_BitSelect.i1.i15.i32(i15 %mul_ln1118, i32 1)" [firmware/nnet_utils/nnet_dense_latency.h:42->firmware/nnet_utils/nnet_sepconv_stream.h:158->firmware/nnet_utils/nnet_sepconv2d_stream.h:113]   --->   Operation 45 'bitselect' 'tmp_101' <Predicate = (!icmp_ln106)> <Delay = 0.00>
ST_4 : Operation 46 [1/1] (0.00ns)   --->   "%zext_ln1118_9 = zext i1 %tmp_101 to i10" [firmware/nnet_utils/nnet_mult.h:73->firmware/nnet_utils/nnet_dense_latency.h:42->firmware/nnet_utils/nnet_sepconv_stream.h:158->firmware/nnet_utils/nnet_sepconv2d_stream.h:113]   --->   Operation 46 'zext' 'zext_ln1118_9' <Predicate = (!icmp_ln106)> <Delay = 0.00>
ST_4 : Operation 47 [1/1] (0.00ns)   --->   "%sext_ln1118_40 = sext i8 %tmp_data_3_V to i14" [firmware/nnet_utils/nnet_mult.h:73->firmware/nnet_utils/nnet_dense_latency.h:42->firmware/nnet_utils/nnet_sepconv_stream.h:158->firmware/nnet_utils/nnet_sepconv2d_stream.h:113]   --->   Operation 47 'sext' 'sext_ln1118_40' <Predicate = (!icmp_ln106)> <Delay = 0.00>
ST_4 : Operation 48 [1/1] (1.55ns)   --->   "%mul_ln1118_17 = mul i14 22, %sext_ln1118_40" [firmware/nnet_utils/nnet_mult.h:73->firmware/nnet_utils/nnet_dense_latency.h:42->firmware/nnet_utils/nnet_sepconv_stream.h:158->firmware/nnet_utils/nnet_sepconv2d_stream.h:113]   --->   Operation 48 'mul' 'mul_ln1118_17' <Predicate = (!icmp_ln106)> <Delay = 1.55> <Core = "Mul">   --->   Core 16 'Mul' <Latency = 0> <II = 1> <Delay = 1.55> <FuncUnit> <Opcode : 'mul'> <InPorts = 2> <OutPorts = 1>
ST_4 : Operation 49 [1/1] (0.00ns)   --->   "%trunc_ln708_38 = call i12 @_ssdm_op_PartSelect.i12.i14.i32.i32(i14 %mul_ln1118_17, i32 2, i32 13)" [firmware/nnet_utils/nnet_dense_latency.h:42->firmware/nnet_utils/nnet_sepconv_stream.h:158->firmware/nnet_utils/nnet_sepconv2d_stream.h:113]   --->   Operation 49 'partselect' 'trunc_ln708_38' <Predicate = (!icmp_ln106)> <Delay = 0.00>
ST_4 : Operation 50 [1/1] (0.00ns)   --->   "%sext_ln415_37 = sext i12 %trunc_ln708_38 to i13" [firmware/nnet_utils/nnet_dense_latency.h:42->firmware/nnet_utils/nnet_sepconv_stream.h:158->firmware/nnet_utils/nnet_sepconv2d_stream.h:113]   --->   Operation 50 'sext' 'sext_ln415_37' <Predicate = (!icmp_ln106)> <Delay = 0.00>
ST_4 : Operation 51 [1/1] (0.00ns)   --->   "%tmp_102 = call i1 @_ssdm_op_BitSelect.i1.i14.i32(i14 %mul_ln1118_17, i32 1)" [firmware/nnet_utils/nnet_dense_latency.h:42->firmware/nnet_utils/nnet_sepconv_stream.h:158->firmware/nnet_utils/nnet_sepconv2d_stream.h:113]   --->   Operation 51 'bitselect' 'tmp_102' <Predicate = (!icmp_ln106)> <Delay = 0.00>
ST_4 : Operation 52 [1/1] (0.00ns)   --->   "%zext_ln415 = zext i1 %tmp_102 to i13" [firmware/nnet_utils/nnet_dense_latency.h:42->firmware/nnet_utils/nnet_sepconv_stream.h:158->firmware/nnet_utils/nnet_sepconv2d_stream.h:113]   --->   Operation 52 'zext' 'zext_ln415' <Predicate = (!icmp_ln106)> <Delay = 0.00>
ST_4 : Operation 53 [1/1] (0.52ns)   --->   "%add_ln415 = add i13 %zext_ln415, %sext_ln415_37" [firmware/nnet_utils/nnet_dense_latency.h:42->firmware/nnet_utils/nnet_sepconv_stream.h:158->firmware/nnet_utils/nnet_sepconv2d_stream.h:113]   --->   Operation 53 'add' 'add_ln415' <Predicate = (!icmp_ln106)> <Delay = 0.52> <Core = "AddSub">   --->   Core 14 'AddSub' <Latency = 0> <II = 1> <Delay = 0.48> <FuncUnit> <Opcode : 'add' 'sub'> <InPorts = 2> <OutPorts = 1>
ST_4 : Operation 54 [1/1] (0.54ns)   --->   "%add_ln1192 = add i11 256, %sext_ln415" [firmware/nnet_utils/nnet_dense_latency.h:58->firmware/nnet_utils/nnet_sepconv_stream.h:158->firmware/nnet_utils/nnet_sepconv2d_stream.h:113]   --->   Operation 54 'add' 'add_ln1192' <Predicate = (!icmp_ln106)> <Delay = 0.54> <Core = "AddSub">   --->   Core 14 'AddSub' <Latency = 0> <II = 1> <Delay = 0.48> <FuncUnit> <Opcode : 'add' 'sub'> <InPorts = 2> <OutPorts = 1>
ST_4 : Operation 55 [1/1] (0.00ns)   --->   "%sext_ln1192 = sext i11 %add_ln1192 to i14" [firmware/nnet_utils/nnet_dense_latency.h:58->firmware/nnet_utils/nnet_sepconv_stream.h:158->firmware/nnet_utils/nnet_sepconv2d_stream.h:113]   --->   Operation 55 'sext' 'sext_ln1192' <Predicate = (!icmp_ln106)> <Delay = 0.00>
ST_4 : Operation 56 [1/1] (0.54ns)   --->   "%add_ln1192_37 = add i14 %sext_ln415_36, %sext_ln1192" [firmware/nnet_utils/nnet_dense_latency.h:58->firmware/nnet_utils/nnet_sepconv_stream.h:158->firmware/nnet_utils/nnet_sepconv2d_stream.h:113]   --->   Operation 56 'add' 'add_ln1192_37' <Predicate = (!icmp_ln106)> <Delay = 0.54> <Core = "AddSub">   --->   Core 14 'AddSub' <Latency = 0> <II = 1> <Delay = 0.48> <FuncUnit> <Opcode : 'add' 'sub'> <InPorts = 2> <OutPorts = 1>
ST_4 : Operation 57 [1/1] (0.00ns) (grouped into TernaryAdder)   --->   "%add_ln1192_38 = add i10 %zext_ln1118_9, %sext_ln415_35" [firmware/nnet_utils/nnet_dense_latency.h:58->firmware/nnet_utils/nnet_sepconv_stream.h:158->firmware/nnet_utils/nnet_sepconv2d_stream.h:113]   --->   Operation 57 'add' 'add_ln1192_38' <Predicate = (!icmp_ln106)> <Delay = 0.00> <Core = "TAddSub">   --->   Core 83 'TAddSub' <Latency = 0> <II = 1> <Delay = 0.35> <IPBlock> <Opcode : 'add' 'sub'> <InPorts = 3> <OutPorts = 1> <Sync> <CReg>
ST_4 : Operation 58 [1/1] (0.13ns)   --->   "%add_ln1192_39 = add i2 %zext_ln1118_8, %zext_ln1118" [firmware/nnet_utils/nnet_dense_latency.h:58->firmware/nnet_utils/nnet_sepconv_stream.h:158->firmware/nnet_utils/nnet_sepconv2d_stream.h:113]   --->   Operation 58 'add' 'add_ln1192_39' <Predicate = (!icmp_ln106)> <Delay = 0.13> <Core = "AddSub">   --->   Core 14 'AddSub' <Latency = 0> <II = 1> <Delay = 0.48> <FuncUnit> <Opcode : 'add' 'sub'> <InPorts = 2> <OutPorts = 1>
ST_4 : Operation 59 [1/1] (0.00ns)   --->   "%zext_ln1192 = zext i2 %add_ln1192_39 to i10" [firmware/nnet_utils/nnet_dense_latency.h:58->firmware/nnet_utils/nnet_sepconv_stream.h:158->firmware/nnet_utils/nnet_sepconv2d_stream.h:113]   --->   Operation 59 'zext' 'zext_ln1192' <Predicate = (!icmp_ln106)> <Delay = 0.00>
ST_4 : Operation 60 [1/1] (0.79ns) (root node of TernaryAdder)   --->   "%add_ln1192_40 = add i10 %add_ln1192_38, %zext_ln1192" [firmware/nnet_utils/nnet_dense_latency.h:58->firmware/nnet_utils/nnet_sepconv_stream.h:158->firmware/nnet_utils/nnet_sepconv2d_stream.h:113]   --->   Operation 60 'add' 'add_ln1192_40' <Predicate = (!icmp_ln106)> <Delay = 0.79> <Core = "TAddSub">   --->   Core 83 'TAddSub' <Latency = 0> <II = 1> <Delay = 0.35> <IPBlock> <Opcode : 'add' 'sub'> <InPorts = 3> <OutPorts = 1> <Sync> <CReg>

State 5 <SV = 4> <Delay = 1.99>
ST_5 : Operation 61 [1/1] (0.00ns)   --->   "%sext_ln48 = sext i13 %add_ln415 to i14" [firmware/nnet_utils/nnet_dense_latency.h:48->firmware/nnet_utils/nnet_sepconv_stream.h:158->firmware/nnet_utils/nnet_sepconv2d_stream.h:113]   --->   Operation 61 'sext' 'sext_ln48' <Predicate = (!icmp_ln106)> <Delay = 0.00>
ST_5 : Operation 62 [1/1] (0.00ns)   --->   "%sext_ln1192_11 = sext i10 %add_ln1192_40 to i14" [firmware/nnet_utils/nnet_dense_latency.h:58->firmware/nnet_utils/nnet_sepconv_stream.h:158->firmware/nnet_utils/nnet_sepconv2d_stream.h:113]   --->   Operation 62 'sext' 'sext_ln1192_11' <Predicate = (!icmp_ln106)> <Delay = 0.00>
ST_5 : Operation 63 [1/1] (0.00ns) (grouped into TernaryAdder)   --->   "%add_ln1192_41 = add i14 %add_ln1192_37, %sext_ln1192_11" [firmware/nnet_utils/nnet_dense_latency.h:58->firmware/nnet_utils/nnet_sepconv_stream.h:158->firmware/nnet_utils/nnet_sepconv2d_stream.h:113]   --->   Operation 63 'add' 'add_ln1192_41' <Predicate = (!icmp_ln106)> <Delay = 0.00> <Core = "TAddSub">   --->   Core 83 'TAddSub' <Latency = 0> <II = 1> <Delay = 0.35> <IPBlock> <Opcode : 'add' 'sub'> <InPorts = 3> <OutPorts = 1> <Sync> <CReg>
ST_5 : Operation 64 [1/1] (0.71ns) (root node of TernaryAdder)   --->   "%acc_0_V = add i14 %add_ln1192_41, %sext_ln48" [firmware/nnet_utils/nnet_dense_latency.h:58->firmware/nnet_utils/nnet_sepconv_stream.h:158->firmware/nnet_utils/nnet_sepconv2d_stream.h:113]   --->   Operation 64 'add' 'acc_0_V' <Predicate = (!icmp_ln106)> <Delay = 0.71> <Core = "TAddSub">   --->   Core 83 'TAddSub' <Latency = 0> <II = 1> <Delay = 0.35> <IPBlock> <Opcode : 'add' 'sub'> <InPorts = 3> <OutPorts = 1> <Sync> <CReg>
ST_5 : Operation 65 [1/1] (0.00ns)   --->   "%p_Result_s = call i1 @_ssdm_op_BitSelect.i1.i14.i32(i14 %acc_0_V, i32 13)" [firmware/nnet_utils/nnet_mult.h:111->firmware/nnet_utils/nnet_dense_latency.h:66->firmware/nnet_utils/nnet_sepconv_stream.h:158->firmware/nnet_utils/nnet_sepconv2d_stream.h:113]   --->   Operation 65 'bitselect' 'p_Result_s' <Predicate = (!icmp_ln106)> <Delay = 0.00>
ST_5 : Operation 66 [1/1] (0.00ns)   --->   "%p_Val2_s = call i8 @_ssdm_op_PartSelect.i8.i14.i32.i32(i14 %acc_0_V, i32 4, i32 11)" [firmware/nnet_utils/nnet_mult.h:111->firmware/nnet_utils/nnet_dense_latency.h:66->firmware/nnet_utils/nnet_sepconv_stream.h:158->firmware/nnet_utils/nnet_sepconv2d_stream.h:113]   --->   Operation 66 'partselect' 'p_Val2_s' <Predicate = (!icmp_ln106)> <Delay = 0.00>
ST_5 : Operation 67 [1/1] (0.00ns) (grouped into LUT with out node carry_2)   --->   "%p_Result_3 = call i1 @_ssdm_op_BitSelect.i1.i14.i32(i14 %acc_0_V, i32 11)" [firmware/nnet_utils/nnet_mult.h:111->firmware/nnet_utils/nnet_dense_latency.h:66->firmware/nnet_utils/nnet_sepconv_stream.h:158->firmware/nnet_utils/nnet_sepconv2d_stream.h:113]   --->   Operation 67 'bitselect' 'p_Result_3' <Predicate = (!icmp_ln106)> <Delay = 0.00>
ST_5 : Operation 68 [1/1] (0.00ns)   --->   "%tmp_105 = call i1 @_ssdm_op_BitSelect.i1.i14.i32(i14 %acc_0_V, i32 3)" [firmware/nnet_utils/nnet_mult.h:111->firmware/nnet_utils/nnet_dense_latency.h:66->firmware/nnet_utils/nnet_sepconv_stream.h:158->firmware/nnet_utils/nnet_sepconv2d_stream.h:113]   --->   Operation 68 'bitselect' 'tmp_105' <Predicate = (!icmp_ln106)> <Delay = 0.00>
ST_5 : Operation 69 [1/1] (0.00ns)   --->   "%zext_ln415_23 = zext i1 %tmp_105 to i8" [firmware/nnet_utils/nnet_mult.h:111->firmware/nnet_utils/nnet_dense_latency.h:66->firmware/nnet_utils/nnet_sepconv_stream.h:158->firmware/nnet_utils/nnet_sepconv2d_stream.h:113]   --->   Operation 69 'zext' 'zext_ln415_23' <Predicate = (!icmp_ln106)> <Delay = 0.00>
ST_5 : Operation 70 [1/1] (0.48ns)   --->   "%p_Val2_2 = add i8 %zext_ln415_23, %p_Val2_s" [firmware/nnet_utils/nnet_mult.h:111->firmware/nnet_utils/nnet_dense_latency.h:66->firmware/nnet_utils/nnet_sepconv_stream.h:158->firmware/nnet_utils/nnet_sepconv2d_stream.h:113]   --->   Operation 70 'add' 'p_Val2_2' <Predicate = (!icmp_ln106)> <Delay = 0.48> <Core = "AddSub">   --->   Core 14 'AddSub' <Latency = 0> <II = 1> <Delay = 0.48> <FuncUnit> <Opcode : 'add' 'sub'> <InPorts = 2> <OutPorts = 1>
ST_5 : Operation 71 [1/1] (0.00ns) (grouped into LUT with out node carry_2)   --->   "%tmp_106 = call i1 @_ssdm_op_BitSelect.i1.i8.i32(i8 %p_Val2_2, i32 7)" [firmware/nnet_utils/nnet_mult.h:111->firmware/nnet_utils/nnet_dense_latency.h:66->firmware/nnet_utils/nnet_sepconv_stream.h:158->firmware/nnet_utils/nnet_sepconv2d_stream.h:113]   --->   Operation 71 'bitselect' 'tmp_106' <Predicate = (!icmp_ln106)> <Delay = 0.00>
ST_5 : Operation 72 [1/1] (0.00ns) (grouped into LUT with out node carry_2)   --->   "%xor_ln416 = xor i1 %tmp_106, true" [firmware/nnet_utils/nnet_mult.h:111->firmware/nnet_utils/nnet_dense_latency.h:66->firmware/nnet_utils/nnet_sepconv_stream.h:158->firmware/nnet_utils/nnet_sepconv2d_stream.h:113]   --->   Operation 72 'xor' 'xor_ln416' <Predicate = (!icmp_ln106)> <Delay = 0.00> <Core = "LogicGate">   --->   Core 27 'LogicGate' <Latency = 0> <II = 1> <Delay = 0.12> <FuncUnit> <Opcode : 'and' 'or' 'xor'> <InPorts = 2> <OutPorts = 1>
ST_5 : Operation 73 [1/1] (0.12ns) (out node of the LUT)   --->   "%carry_2 = and i1 %p_Result_3, %xor_ln416" [firmware/nnet_utils/nnet_mult.h:111->firmware/nnet_utils/nnet_dense_latency.h:66->firmware/nnet_utils/nnet_sepconv_stream.h:158->firmware/nnet_utils/nnet_sepconv2d_stream.h:113]   --->   Operation 73 'and' 'carry_2' <Predicate = (!icmp_ln106)> <Delay = 0.12> <Core = "LogicGate">   --->   Core 27 'LogicGate' <Latency = 0> <II = 1> <Delay = 0.12> <FuncUnit> <Opcode : 'and' 'or' 'xor'> <InPorts = 2> <OutPorts = 1>
ST_5 : Operation 74 [1/1] (0.00ns)   --->   "%p_Result_4 = call i1 @_ssdm_op_BitSelect.i1.i8.i32(i8 %p_Val2_2, i32 7)" [firmware/nnet_utils/nnet_mult.h:111->firmware/nnet_utils/nnet_dense_latency.h:66->firmware/nnet_utils/nnet_sepconv_stream.h:158->firmware/nnet_utils/nnet_sepconv2d_stream.h:113]   --->   Operation 74 'bitselect' 'p_Result_4' <Predicate = (!icmp_ln106)> <Delay = 0.00>
ST_5 : Operation 75 [1/1] (0.00ns) (grouped into LUT with out node and_ln786)   --->   "%Range2_all_ones = call i1 @_ssdm_op_BitSelect.i1.i14.i32(i14 %acc_0_V, i32 13)" [firmware/nnet_utils/nnet_mult.h:111->firmware/nnet_utils/nnet_dense_latency.h:66->firmware/nnet_utils/nnet_sepconv_stream.h:158->firmware/nnet_utils/nnet_sepconv2d_stream.h:113]   --->   Operation 75 'bitselect' 'Range2_all_ones' <Predicate = (!icmp_ln106)> <Delay = 0.00>
ST_5 : Operation 76 [1/1] (0.00ns)   --->   "%tmp = call i2 @_ssdm_op_PartSelect.i2.i14.i32.i32(i14 %acc_0_V, i32 12, i32 13)" [firmware/nnet_utils/nnet_mult.h:111->firmware/nnet_utils/nnet_dense_latency.h:66->firmware/nnet_utils/nnet_sepconv_stream.h:158->firmware/nnet_utils/nnet_sepconv2d_stream.h:113]   --->   Operation 76 'partselect' 'tmp' <Predicate = (!icmp_ln106)> <Delay = 0.00>
ST_5 : Operation 77 [1/1] (0.34ns)   --->   "%Range1_all_ones = icmp eq i2 %tmp, -1" [firmware/nnet_utils/nnet_mult.h:111->firmware/nnet_utils/nnet_dense_latency.h:66->firmware/nnet_utils/nnet_sepconv_stream.h:158->firmware/nnet_utils/nnet_sepconv2d_stream.h:113]   --->   Operation 77 'icmp' 'Range1_all_ones' <Predicate = (!icmp_ln106)> <Delay = 0.34> <Core = "Cmp">   --->   Core 25 'Cmp' <Latency = 0> <II = 1> <Delay = 0.34> <FuncUnit> <Opcode : 'icmp'> <InPorts = 2> <OutPorts = 1>
ST_5 : Operation 78 [1/1] (0.34ns)   --->   "%Range1_all_zeros = icmp eq i2 %tmp, 0" [firmware/nnet_utils/nnet_mult.h:111->firmware/nnet_utils/nnet_dense_latency.h:66->firmware/nnet_utils/nnet_sepconv_stream.h:158->firmware/nnet_utils/nnet_sepconv2d_stream.h:113]   --->   Operation 78 'icmp' 'Range1_all_zeros' <Predicate = (!icmp_ln106)> <Delay = 0.34> <Core = "Cmp">   --->   Core 25 'Cmp' <Latency = 0> <II = 1> <Delay = 0.34> <FuncUnit> <Opcode : 'icmp'> <InPorts = 2> <OutPorts = 1>
ST_5 : Operation 79 [1/1] (0.00ns) (grouped into LUT with out node or_ln340_4)   --->   "%deleted_zeros = select i1 %carry_2, i1 %Range1_all_ones, i1 %Range1_all_zeros" [firmware/nnet_utils/nnet_mult.h:111->firmware/nnet_utils/nnet_dense_latency.h:66->firmware/nnet_utils/nnet_sepconv_stream.h:158->firmware/nnet_utils/nnet_sepconv2d_stream.h:113]   --->   Operation 79 'select' 'deleted_zeros' <Predicate = (!icmp_ln106)> <Delay = 0.00> <Core = "Sel">   --->   Core 26 'Sel' <Latency = 0> <II = 1> <Delay = 0.30> <FuncUnit> <Opcode : 'select'> <InPorts = 3> <OutPorts = 1>
ST_5 : Operation 80 [1/1] (0.00ns) (grouped into LUT with out node and_ln786)   --->   "%tmp_109 = call i1 @_ssdm_op_BitSelect.i1.i14.i32(i14 %acc_0_V, i32 12)" [firmware/nnet_utils/nnet_mult.h:111->firmware/nnet_utils/nnet_dense_latency.h:66->firmware/nnet_utils/nnet_sepconv_stream.h:158->firmware/nnet_utils/nnet_sepconv2d_stream.h:113]   --->   Operation 80 'bitselect' 'tmp_109' <Predicate = (!icmp_ln106)> <Delay = 0.00>
ST_5 : Operation 81 [1/1] (0.00ns) (grouped into LUT with out node and_ln786)   --->   "%xor_ln779 = xor i1 %tmp_109, true" [firmware/nnet_utils/nnet_mult.h:111->firmware/nnet_utils/nnet_dense_latency.h:66->firmware/nnet_utils/nnet_sepconv_stream.h:158->firmware/nnet_utils/nnet_sepconv2d_stream.h:113]   --->   Operation 81 'xor' 'xor_ln779' <Predicate = (!icmp_ln106)> <Delay = 0.00> <Core = "LogicGate">   --->   Core 27 'LogicGate' <Latency = 0> <II = 1> <Delay = 0.12> <FuncUnit> <Opcode : 'and' 'or' 'xor'> <InPorts = 2> <OutPorts = 1>
ST_5 : Operation 82 [1/1] (0.00ns) (grouped into LUT with out node and_ln786)   --->   "%and_ln779 = and i1 %Range2_all_ones, %xor_ln779" [firmware/nnet_utils/nnet_mult.h:111->firmware/nnet_utils/nnet_dense_latency.h:66->firmware/nnet_utils/nnet_sepconv_stream.h:158->firmware/nnet_utils/nnet_sepconv2d_stream.h:113]   --->   Operation 82 'and' 'and_ln779' <Predicate = (!icmp_ln106)> <Delay = 0.00> <Core = "LogicGate">   --->   Core 27 'LogicGate' <Latency = 0> <II = 1> <Delay = 0.12> <FuncUnit> <Opcode : 'and' 'or' 'xor'> <InPorts = 2> <OutPorts = 1>
ST_5 : Operation 83 [1/1] (0.00ns) (grouped into LUT with out node and_ln786)   --->   "%deleted_ones = select i1 %carry_2, i1 %and_ln779, i1 %Range1_all_ones" [firmware/nnet_utils/nnet_mult.h:111->firmware/nnet_utils/nnet_dense_latency.h:66->firmware/nnet_utils/nnet_sepconv_stream.h:158->firmware/nnet_utils/nnet_sepconv2d_stream.h:113]   --->   Operation 83 'select' 'deleted_ones' <Predicate = (!icmp_ln106)> <Delay = 0.00> <Core = "Sel">   --->   Core 26 'Sel' <Latency = 0> <II = 1> <Delay = 0.30> <FuncUnit> <Opcode : 'select'> <InPorts = 3> <OutPorts = 1>
ST_5 : Operation 84 [1/1] (0.12ns)   --->   "%and_ln781 = and i1 %carry_2, %Range1_all_ones" [firmware/nnet_utils/nnet_mult.h:111->firmware/nnet_utils/nnet_dense_latency.h:66->firmware/nnet_utils/nnet_sepconv_stream.h:158->firmware/nnet_utils/nnet_sepconv2d_stream.h:113]   --->   Operation 84 'and' 'and_ln781' <Predicate = (!icmp_ln106)> <Delay = 0.12> <Core = "LogicGate">   --->   Core 27 'LogicGate' <Latency = 0> <II = 1> <Delay = 0.12> <FuncUnit> <Opcode : 'and' 'or' 'xor'> <InPorts = 2> <OutPorts = 1>
ST_5 : Operation 85 [1/1] (0.00ns) (grouped into LUT with out node or_ln340_4)   --->   "%xor_ln785_7 = xor i1 %deleted_zeros, true" [firmware/nnet_utils/nnet_mult.h:111->firmware/nnet_utils/nnet_dense_latency.h:66->firmware/nnet_utils/nnet_sepconv_stream.h:158->firmware/nnet_utils/nnet_sepconv2d_stream.h:113]   --->   Operation 85 'xor' 'xor_ln785_7' <Predicate = (!icmp_ln106)> <Delay = 0.00> <Core = "LogicGate">   --->   Core 27 'LogicGate' <Latency = 0> <II = 1> <Delay = 0.12> <FuncUnit> <Opcode : 'and' 'or' 'xor'> <InPorts = 2> <OutPorts = 1>
ST_5 : Operation 86 [1/1] (0.00ns) (grouped into LUT with out node or_ln340_4)   --->   "%or_ln785_4 = or i1 %p_Result_4, %xor_ln785_7" [firmware/nnet_utils/nnet_mult.h:111->firmware/nnet_utils/nnet_dense_latency.h:66->firmware/nnet_utils/nnet_sepconv_stream.h:158->firmware/nnet_utils/nnet_sepconv2d_stream.h:113]   --->   Operation 86 'or' 'or_ln785_4' <Predicate = (!icmp_ln106)> <Delay = 0.00> <Core = "LogicGate">   --->   Core 27 'LogicGate' <Latency = 0> <II = 1> <Delay = 0.12> <FuncUnit> <Opcode : 'and' 'or' 'xor'> <InPorts = 2> <OutPorts = 1>
ST_5 : Operation 87 [1/1] (0.12ns)   --->   "%xor_ln785_8 = xor i1 %p_Result_s, true" [firmware/nnet_utils/nnet_mult.h:111->firmware/nnet_utils/nnet_dense_latency.h:66->firmware/nnet_utils/nnet_sepconv_stream.h:158->firmware/nnet_utils/nnet_sepconv2d_stream.h:113]   --->   Operation 87 'xor' 'xor_ln785_8' <Predicate = (!icmp_ln106)> <Delay = 0.12> <Core = "LogicGate">   --->   Core 27 'LogicGate' <Latency = 0> <II = 1> <Delay = 0.12> <FuncUnit> <Opcode : 'and' 'or' 'xor'> <InPorts = 2> <OutPorts = 1>
ST_5 : Operation 88 [1/1] (0.00ns) (grouped into LUT with out node or_ln340_4)   --->   "%overflow = and i1 %or_ln785_4, %xor_ln785_8" [firmware/nnet_utils/nnet_mult.h:111->firmware/nnet_utils/nnet_dense_latency.h:66->firmware/nnet_utils/nnet_sepconv_stream.h:158->firmware/nnet_utils/nnet_sepconv2d_stream.h:113]   --->   Operation 88 'and' 'overflow' <Predicate = (!icmp_ln106)> <Delay = 0.00> <Core = "LogicGate">   --->   Core 27 'LogicGate' <Latency = 0> <II = 1> <Delay = 0.12> <FuncUnit> <Opcode : 'and' 'or' 'xor'> <InPorts = 2> <OutPorts = 1>
ST_5 : Operation 89 [1/1] (0.27ns) (out node of the LUT)   --->   "%and_ln786 = and i1 %p_Result_4, %deleted_ones" [firmware/nnet_utils/nnet_mult.h:111->firmware/nnet_utils/nnet_dense_latency.h:66->firmware/nnet_utils/nnet_sepconv_stream.h:158->firmware/nnet_utils/nnet_sepconv2d_stream.h:113]   --->   Operation 89 'and' 'and_ln786' <Predicate = (!icmp_ln106)> <Delay = 0.27> <Core = "LogicGate">   --->   Core 27 'LogicGate' <Latency = 0> <II = 1> <Delay = 0.12> <FuncUnit> <Opcode : 'and' 'or' 'xor'> <InPorts = 2> <OutPorts = 1>
ST_5 : Operation 90 [1/1] (0.00ns) (grouped into LUT with out node underflow)   --->   "%or_ln786 = or i1 %and_ln781, %and_ln786" [firmware/nnet_utils/nnet_mult.h:111->firmware/nnet_utils/nnet_dense_latency.h:66->firmware/nnet_utils/nnet_sepconv_stream.h:158->firmware/nnet_utils/nnet_sepconv2d_stream.h:113]   --->   Operation 90 'or' 'or_ln786' <Predicate = (!icmp_ln106)> <Delay = 0.00> <Core = "LogicGate">   --->   Core 27 'LogicGate' <Latency = 0> <II = 1> <Delay = 0.12> <FuncUnit> <Opcode : 'and' 'or' 'xor'> <InPorts = 2> <OutPorts = 1>
ST_5 : Operation 91 [1/1] (0.00ns) (grouped into LUT with out node underflow)   --->   "%xor_ln786 = xor i1 %or_ln786, true" [firmware/nnet_utils/nnet_mult.h:111->firmware/nnet_utils/nnet_dense_latency.h:66->firmware/nnet_utils/nnet_sepconv_stream.h:158->firmware/nnet_utils/nnet_sepconv2d_stream.h:113]   --->   Operation 91 'xor' 'xor_ln786' <Predicate = (!icmp_ln106)> <Delay = 0.00> <Core = "LogicGate">   --->   Core 27 'LogicGate' <Latency = 0> <II = 1> <Delay = 0.12> <FuncUnit> <Opcode : 'and' 'or' 'xor'> <InPorts = 2> <OutPorts = 1>
ST_5 : Operation 92 [1/1] (0.12ns) (out node of the LUT)   --->   "%underflow = and i1 %p_Result_s, %xor_ln786" [firmware/nnet_utils/nnet_mult.h:111->firmware/nnet_utils/nnet_dense_latency.h:66->firmware/nnet_utils/nnet_sepconv_stream.h:158->firmware/nnet_utils/nnet_sepconv2d_stream.h:113]   --->   Operation 92 'and' 'underflow' <Predicate = (!icmp_ln106)> <Delay = 0.12> <Core = "LogicGate">   --->   Core 27 'LogicGate' <Latency = 0> <II = 1> <Delay = 0.12> <FuncUnit> <Opcode : 'and' 'or' 'xor'> <InPorts = 2> <OutPorts = 1>
ST_5 : Operation 93 [1/1] (0.27ns) (out node of the LUT)   --->   "%or_ln340_4 = or i1 %underflow, %overflow" [firmware/nnet_utils/nnet_mult.h:111->firmware/nnet_utils/nnet_dense_latency.h:66->firmware/nnet_utils/nnet_sepconv_stream.h:158->firmware/nnet_utils/nnet_sepconv2d_stream.h:113]   --->   Operation 93 'or' 'or_ln340_4' <Predicate = (!icmp_ln106)> <Delay = 0.27> <Core = "LogicGate">   --->   Core 27 'LogicGate' <Latency = 0> <II = 1> <Delay = 0.12> <FuncUnit> <Opcode : 'and' 'or' 'xor'> <InPorts = 2> <OutPorts = 1>

State 6 <SV = 5> <Delay = 1.82>
ST_6 : Operation 94 [1/1] (0.00ns)   --->   "call void (...)* @_ssdm_op_SpecLoopName([31 x i8]* @ReadInputHeight_ReadInputWidth_str)"   --->   Operation 94 'specloopname' <Predicate = (!icmp_ln106)> <Delay = 0.00>
ST_6 : Operation 95 [1/1] (0.00ns)   --->   "%empty = call i32 (...)* @_ssdm_op_SpecLoopTripCount(i64 768, i64 768, i64 768)"   --->   Operation 95 'speclooptripcount' 'empty' <Predicate = (!icmp_ln106)> <Delay = 0.00>
ST_6 : Operation 96 [1/1] (0.00ns)   --->   "call void (...)* @_ssdm_op_SpecLoopName([15 x i8]* @p_str77) nounwind" [firmware/nnet_utils/nnet_sepconv2d_stream.h:108]   --->   Operation 96 'specloopname' <Predicate = (!icmp_ln106)> <Delay = 0.00>
ST_6 : Operation 97 [1/1] (0.00ns)   --->   "%tmp_s = call i32 (...)* @_ssdm_op_SpecRegionBegin([15 x i8]* @p_str77)" [firmware/nnet_utils/nnet_sepconv2d_stream.h:108]   --->   Operation 97 'specregionbegin' 'tmp_s' <Predicate = (!icmp_ln106)> <Delay = 0.00>
ST_6 : Operation 98 [1/1] (0.00ns)   --->   "%tmp_4 = call i32 (...)* @_ssdm_op_SpecRegionBegin([12 x i8]* @p_str139)" [firmware/nnet_utils/nnet_sepconv2d_stream.h:109]   --->   Operation 98 'specregionbegin' 'tmp_4' <Predicate = (!icmp_ln106)> <Delay = 0.00>
ST_6 : Operation 99 [1/1] (0.00ns)   --->   "call void (...)* @_ssdm_op_SpecPipeline(i32 1, i32 1, i32 1, i32 0, [1 x i8]* @p_str38) nounwind" [firmware/nnet_utils/nnet_sepconv2d_stream.h:110]   --->   Operation 99 'specpipeline' <Predicate = (!icmp_ln106)> <Delay = 0.00>
ST_6 : Operation 100 [1/1] (0.00ns)   --->   "%empty_136 = call i32 (...)* @_ssdm_op_SpecRegionEnd([12 x i8]* @p_str139, i32 %tmp_4)" [firmware/nnet_utils/nnet_sepconv2d_stream.h:111]   --->   Operation 100 'specregionend' 'empty_136' <Predicate = (!icmp_ln106)> <Delay = 0.00>
ST_6 : Operation 101 [1/1] (0.00ns)   --->   "call void (...)* @_ssdm_op_SpecResourceLimit(i32 4, [4 x i8]* @p_str81, [1 x i8]* @p_str38, [1 x i8]* @p_str38, [1 x i8]* @p_str38) nounwind" [firmware/nnet_utils/nnet_dense_latency.h:33->firmware/nnet_utils/nnet_sepconv_stream.h:158->firmware/nnet_utils/nnet_sepconv2d_stream.h:113]   --->   Operation 101 'specresourcelimit' <Predicate = (!icmp_ln106)> <Delay = 0.00>
ST_6 : Operation 102 [1/1] (0.00ns)   --->   "call void (...)* @_ssdm_op_SpecLoopName([11 x i8]* @p_str84) nounwind" [firmware/nnet_utils/nnet_dense_latency.h:48->firmware/nnet_utils/nnet_sepconv_stream.h:158->firmware/nnet_utils/nnet_sepconv2d_stream.h:113]   --->   Operation 102 'specloopname' <Predicate = (!icmp_ln106)> <Delay = 0.00>
ST_6 : Operation 103 [1/1] (0.00ns)   --->   "call void (...)* @_ssdm_op_SpecLoopName([7 x i8]* @p_str87) nounwind" [firmware/nnet_utils/nnet_dense_latency.h:64->firmware/nnet_utils/nnet_sepconv_stream.h:158->firmware/nnet_utils/nnet_sepconv2d_stream.h:113]   --->   Operation 103 'specloopname' <Predicate = (!icmp_ln106)> <Delay = 0.00>
ST_6 : Operation 104 [1/1] (0.00ns) (grouped into LUT with out node res_pack_data_V)   --->   "%or_ln340 = or i1 %and_ln786, %xor_ln785_8" [firmware/nnet_utils/nnet_mult.h:111->firmware/nnet_utils/nnet_dense_latency.h:66->firmware/nnet_utils/nnet_sepconv_stream.h:158->firmware/nnet_utils/nnet_sepconv2d_stream.h:113]   --->   Operation 104 'or' 'or_ln340' <Predicate = (!icmp_ln106)> <Delay = 0.00> <Core = "LogicGate">   --->   Core 27 'LogicGate' <Latency = 0> <II = 1> <Delay = 0.12> <FuncUnit> <Opcode : 'and' 'or' 'xor'> <InPorts = 2> <OutPorts = 1>
ST_6 : Operation 105 [1/1] (0.00ns) (grouped into LUT with out node res_pack_data_V)   --->   "%or_ln340_25 = or i1 %or_ln340, %and_ln781" [firmware/nnet_utils/nnet_mult.h:111->firmware/nnet_utils/nnet_dense_latency.h:66->firmware/nnet_utils/nnet_sepconv_stream.h:158->firmware/nnet_utils/nnet_sepconv2d_stream.h:113]   --->   Operation 105 'or' 'or_ln340_25' <Predicate = (!icmp_ln106)> <Delay = 0.00> <Core = "LogicGate">   --->   Core 27 'LogicGate' <Latency = 0> <II = 1> <Delay = 0.12> <FuncUnit> <Opcode : 'and' 'or' 'xor'> <InPorts = 2> <OutPorts = 1>
ST_6 : Operation 106 [1/1] (0.30ns) (out node of the LUT)   --->   "%select_ln340 = select i1 %or_ln340_4, i8 127, i8 %p_Val2_2" [firmware/nnet_utils/nnet_mult.h:111->firmware/nnet_utils/nnet_dense_latency.h:66->firmware/nnet_utils/nnet_sepconv_stream.h:158->firmware/nnet_utils/nnet_sepconv2d_stream.h:113]   --->   Operation 106 'select' 'select_ln340' <Predicate = (!icmp_ln106)> <Delay = 0.30> <Core = "Sel">   --->   Core 26 'Sel' <Latency = 0> <II = 1> <Delay = 0.30> <FuncUnit> <Opcode : 'select'> <InPorts = 3> <OutPorts = 1>
ST_6 : Operation 107 [1/1] (0.00ns) (grouped into LUT with out node res_pack_data_V)   --->   "%select_ln388 = select i1 %underflow, i8 -128, i8 %p_Val2_2" [firmware/nnet_utils/nnet_mult.h:111->firmware/nnet_utils/nnet_dense_latency.h:66->firmware/nnet_utils/nnet_sepconv_stream.h:158->firmware/nnet_utils/nnet_sepconv2d_stream.h:113]   --->   Operation 107 'select' 'select_ln388' <Predicate = (!icmp_ln106)> <Delay = 0.00> <Core = "Sel">   --->   Core 26 'Sel' <Latency = 0> <II = 1> <Delay = 0.30> <FuncUnit> <Opcode : 'select'> <InPorts = 3> <OutPorts = 1>
ST_6 : Operation 108 [1/1] (0.30ns) (out node of the LUT)   --->   "%res_pack_data_V = select i1 %or_ln340_25, i8 %select_ln340, i8 %select_ln388" [firmware/nnet_utils/nnet_mult.h:111->firmware/nnet_utils/nnet_dense_latency.h:66->firmware/nnet_utils/nnet_sepconv_stream.h:158->firmware/nnet_utils/nnet_sepconv2d_stream.h:113]   --->   Operation 108 'select' 'res_pack_data_V' <Predicate = (!icmp_ln106)> <Delay = 0.30> <Core = "Sel">   --->   Core 26 'Sel' <Latency = 0> <II = 1> <Delay = 0.30> <FuncUnit> <Opcode : 'select'> <InPorts = 3> <OutPorts = 1>
ST_6 : Operation 109 [1/1] (1.21ns)   --->   "call void @_ssdm_op_Write.ap_fifo.volatile.i8P(i8* %res_V_data_V, i8 %res_pack_data_V)" [firmware/nnet_utils/nnet_sepconv_stream.h:171->firmware/nnet_utils/nnet_sepconv2d_stream.h:113]   --->   Operation 109 'write' <Predicate = (!icmp_ln106)> <Delay = 1.21> <Core = "FIFO_SRL">   --->   Core 36 'FIFO_SRL' <Latency = 0> <II = 1> <Delay = 1.45> <Storage> <Opcode : 'read' 'write' 'nbread' 'nbwrite'> <Ports = 0> <Width = 8> <Depth = 0> <FIFO>
ST_6 : Operation 110 [1/1] (0.00ns)   --->   "%empty_138 = call i32 (...)* @_ssdm_op_SpecRegionEnd([15 x i8]* @p_str77, i32 %tmp_s)" [firmware/nnet_utils/nnet_sepconv2d_stream.h:117]   --->   Operation 110 'specregionend' 'empty_138' <Predicate = (!icmp_ln106)> <Delay = 0.00>
ST_6 : Operation 111 [1/1] (0.00ns)   --->   "br label %1"   --->   Operation 111 'br' <Predicate = (!icmp_ln106)> <Delay = 0.00>

State 7 <SV = 2> <Delay = 0.00>
ST_7 : Operation 112 [1/1] (0.00ns)   --->   "ret void" [firmware/nnet_utils/nnet_sepconv2d_stream.h:119]   --->   Operation 112 'ret' <Predicate = true> <Delay = 0.00>


============================================================
+ Verbose Summary: Timing violations
============================================================
Target clock period: 2.78ns, clock uncertainty: 0.347ns.

 <State 1>: 0.603ns
The critical path consists of the following:
	multiplexor before 'phi' operation ('indvar_flatten', firmware/nnet_utils/nnet_sepconv2d_stream.h:106) with incoming values : ('add_ln106', firmware/nnet_utils/nnet_sepconv2d_stream.h:106) [13]  (0.603 ns)

 <State 2>: 0.605ns
The critical path consists of the following:
	'phi' operation ('indvar_flatten', firmware/nnet_utils/nnet_sepconv2d_stream.h:106) with incoming values : ('add_ln106', firmware/nnet_utils/nnet_sepconv2d_stream.h:106) [13]  (0 ns)
	'icmp' operation ('icmp_ln106', firmware/nnet_utils/nnet_sepconv2d_stream.h:106) [14]  (0.605 ns)

 <State 3>: 1.22ns
The critical path consists of the following:
	fifo read on port 'data_V_data_0_V' (firmware/nnet_utils/nnet_sepconv2d_stream.h:113) [25]  (1.22 ns)

 <State 4>: 2.35ns
The critical path consists of the following:
	'mul' operation ('mul_ln1118', firmware/nnet_utils/nnet_mult.h:73->firmware/nnet_utils/nnet_dense_latency.h:42->firmware/nnet_utils/nnet_sepconv_stream.h:158->firmware/nnet_utils/nnet_sepconv2d_stream.h:113) [50]  (1.55 ns)
	'add' operation ('add_ln1192_38', firmware/nnet_utils/nnet_dense_latency.h:58->firmware/nnet_utils/nnet_sepconv_stream.h:158->firmware/nnet_utils/nnet_sepconv2d_stream.h:113) [67]  (0 ns)
	'add' operation ('add_ln1192_40', firmware/nnet_utils/nnet_dense_latency.h:58->firmware/nnet_utils/nnet_sepconv_stream.h:158->firmware/nnet_utils/nnet_sepconv2d_stream.h:113) [70]  (0.797 ns)

 <State 5>: 2ns
The critical path consists of the following:
	'add' operation ('acc[0].V', firmware/nnet_utils/nnet_dense_latency.h:58->firmware/nnet_utils/nnet_sepconv_stream.h:158->firmware/nnet_utils/nnet_sepconv2d_stream.h:113) [73]  (0.716 ns)
	'add' operation ('__Val2__', firmware/nnet_utils/nnet_mult.h:111->firmware/nnet_utils/nnet_dense_latency.h:66->firmware/nnet_utils/nnet_sepconv_stream.h:158->firmware/nnet_utils/nnet_sepconv2d_stream.h:113) [80]  (0.481 ns)
	'xor' operation ('xor_ln416', firmware/nnet_utils/nnet_mult.h:111->firmware/nnet_utils/nnet_dense_latency.h:66->firmware/nnet_utils/nnet_sepconv_stream.h:158->firmware/nnet_utils/nnet_sepconv2d_stream.h:113) [82]  (0 ns)
	'and' operation ('carry', firmware/nnet_utils/nnet_mult.h:111->firmware/nnet_utils/nnet_dense_latency.h:66->firmware/nnet_utils/nnet_sepconv_stream.h:158->firmware/nnet_utils/nnet_sepconv2d_stream.h:113) [83]  (0.122 ns)
	'select' operation ('deleted_ones', firmware/nnet_utils/nnet_mult.h:111->firmware/nnet_utils/nnet_dense_latency.h:66->firmware/nnet_utils/nnet_sepconv_stream.h:158->firmware/nnet_utils/nnet_sepconv2d_stream.h:113) [93]  (0 ns)
	'and' operation ('and_ln786', firmware/nnet_utils/nnet_mult.h:111->firmware/nnet_utils/nnet_dense_latency.h:66->firmware/nnet_utils/nnet_sepconv_stream.h:158->firmware/nnet_utils/nnet_sepconv2d_stream.h:113) [99]  (0.278 ns)
	'or' operation ('or_ln786', firmware/nnet_utils/nnet_mult.h:111->firmware/nnet_utils/nnet_dense_latency.h:66->firmware/nnet_utils/nnet_sepconv_stream.h:158->firmware/nnet_utils/nnet_sepconv2d_stream.h:113) [100]  (0 ns)
	'xor' operation ('xor_ln786', firmware/nnet_utils/nnet_mult.h:111->firmware/nnet_utils/nnet_dense_latency.h:66->firmware/nnet_utils/nnet_sepconv_stream.h:158->firmware/nnet_utils/nnet_sepconv2d_stream.h:113) [101]  (0 ns)
	'and' operation ('underflow', firmware/nnet_utils/nnet_mult.h:111->firmware/nnet_utils/nnet_dense_latency.h:66->firmware/nnet_utils/nnet_sepconv_stream.h:158->firmware/nnet_utils/nnet_sepconv2d_stream.h:113) [102]  (0.122 ns)
	'or' operation ('or_ln340_4', firmware/nnet_utils/nnet_mult.h:111->firmware/nnet_utils/nnet_dense_latency.h:66->firmware/nnet_utils/nnet_sepconv_stream.h:158->firmware/nnet_utils/nnet_sepconv2d_stream.h:113) [103]  (0.278 ns)

 <State 6>: 1.82ns
The critical path consists of the following:
	'select' operation ('select_ln340', firmware/nnet_utils/nnet_mult.h:111->firmware/nnet_utils/nnet_dense_latency.h:66->firmware/nnet_utils/nnet_sepconv_stream.h:158->firmware/nnet_utils/nnet_sepconv2d_stream.h:113) [106]  (0.303 ns)
	'select' operation ('res_pack.data.V', firmware/nnet_utils/nnet_mult.h:111->firmware/nnet_utils/nnet_dense_latency.h:66->firmware/nnet_utils/nnet_sepconv_stream.h:158->firmware/nnet_utils/nnet_sepconv2d_stream.h:113) [108]  (0.303 ns)
	fifo write on port 'res_V_data_V' (firmware/nnet_utils/nnet_sepconv_stream.h:171->firmware/nnet_utils/nnet_sepconv2d_stream.h:113) [109]  (1.22 ns)

 <State 7>: 0ns
The critical path consists of the following:


============================================================
+ Verbose Summary: Binding
============================================================
N/A
* FSMD analyzer results:
  - Output states:
 - Input state : 
  - Chain level:
	State 1
	State 2
	State 3
	State 4
	State 5
	State 6
	State 7


============================================================
+ Verbose Summary: Datapath Resource usage 
============================================================
N/A
