

================================================================
== Vivado HLS Report for 'cast_ap_fixed_8_2_0_0_0_ap_fixed_8_2_0_0_0_config26_mult_s'
================================================================
* Date:           Tue Jul 30 11:19:46 2024

* Version:        2019.2 (Build 2704478 on Wed Nov 06 22:10:23 MST 2019)
* Project:        myproject_prj
* Solution:       solution1
* Product family: virtexuplus
* Target device:  xcvu9p-flga2577-2-e


================================================================
== Performance Estimates
================================================================
+ Timing: 
    * Summary: 
    +--------+---------+----------+------------+
    |  Clock |  Target | Estimated| Uncertainty|
    +--------+---------+----------+------------+
    |ap_clk  | 2.78 ns | 1.940 ns |   0.35 ns  |
    +--------+---------+----------+------------+

+ Latency: 
    * Summary: 
    +---------+---------+----------+----------+-----+-----+----------+
    |  Latency (cycles) |  Latency (absolute) |  Interval | Pipeline |
    |   min   |   max   |    min   |    max   | min | max |   Type   |
    +---------+---------+----------+----------+-----+-----+----------+
    |        0|        0|   0 ns   |   0 ns   |    1|    1| function |
    +---------+---------+----------+----------+-----+-----+----------+

    + Detail: 
        * Instance: 
        N/A

        * Loop: 
        N/A



================================================================
== Utilization Estimates
================================================================
* Summary: 
+---------------------+---------+-------+---------+---------+-----+
|         Name        | BRAM_18K| DSP48E|    FF   |   LUT   | URAM|
+---------------------+---------+-------+---------+---------+-----+
|DSP                  |        -|      -|        -|        -|    -|
|Expression           |        -|      -|        0|       96|    -|
|FIFO                 |        -|      -|        -|        -|    -|
|Instance             |        -|      -|        -|        -|    -|
|Memory               |        -|      -|        -|        -|    -|
|Multiplexer          |        -|      -|        -|        -|    -|
|Register             |        -|      -|        -|        -|    -|
+---------------------+---------+-------+---------+---------+-----+
|Total                |        0|      0|        0|       96|    0|
+---------------------+---------+-------+---------+---------+-----+
|Available SLR        |     1440|   2280|   788160|   394080|  320|
+---------------------+---------+-------+---------+---------+-----+
|Utilization SLR (%)  |        0|      0|        0|    ~0   |    0|
+---------------------+---------+-------+---------+---------+-----+
|Available            |     4320|   6840|  2364480|  1182240|  960|
+---------------------+---------+-------+---------+---------+-----+
|Utilization (%)      |        0|      0|        0|    ~0   |    0|
+---------------------+---------+-------+---------+---------+-----+

+ Detail: 
    * Instance: 
    N/A

    * DSP48E: 
    N/A

    * Memory: 
    N/A

    * FIFO: 
    N/A

    * Expression: 
    +----------------------------+----------+-------+---+----+------------+------------+
    |        Variable Name       | Operation| DSP48E| FF| LUT| Bitwidth P0| Bitwidth P1|
    +----------------------------+----------+-------+---+----+------------+------------+
    |p_Val2_7_fu_84_p2           |     +    |      0|  0|   8|           8|           8|
    |and_ln779_fu_178_p2         |    and   |      0|  0|   2|           1|           1|
    |and_ln781_fu_192_p2         |    and   |      0|  0|   2|           1|           1|
    |and_ln786_fu_222_p2         |    and   |      0|  0|   2|           1|           1|
    |carry_7_fu_104_p2           |    and   |      0|  0|   2|           1|           1|
    |overflow_fu_216_p2          |    and   |      0|  0|   2|           1|           1|
    |underflow_fu_240_p2         |    and   |      0|  0|   2|           1|           1|
    |Range1_all_ones_fu_144_p2   |   icmp   |      0|  0|   9|           4|           2|
    |Range1_all_zeros_fu_150_p2  |   icmp   |      0|  0|   9|           4|           1|
    |Range2_all_ones_fu_128_p2   |   icmp   |      0|  0|   9|           3|           2|
    |or_ln340_1407_fu_252_p2     |    or    |      0|  0|   2|           1|           1|
    |or_ln340_1408_fu_258_p2     |    or    |      0|  0|   2|           1|           1|
    |or_ln340_fu_246_p2          |    or    |      0|  0|   2|           1|           1|
    |or_ln785_fu_204_p2          |    or    |      0|  0|   2|           1|           1|
    |or_ln786_fu_228_p2          |    or    |      0|  0|   2|           1|           1|
    |ap_return                   |  select  |      0|  0|   8|           1|           8|
    |deleted_ones_fu_184_p3      |  select  |      0|  0|   2|           1|           1|
    |deleted_zeros_fu_156_p3     |  select  |      0|  0|   2|           1|           1|
    |select_ln340_fu_264_p3      |  select  |      0|  0|   8|           1|           7|
    |select_ln388_fu_272_p3      |  select  |      0|  0|   9|           1|           9|
    |xor_ln416_fu_98_p2          |    xor   |      0|  0|   2|           1|           2|
    |xor_ln779_fu_172_p2         |    xor   |      0|  0|   2|           1|           2|
    |xor_ln785_13_fu_210_p2      |    xor   |      0|  0|   2|           1|           2|
    |xor_ln785_fu_198_p2         |    xor   |      0|  0|   2|           1|           2|
    |xor_ln786_fu_234_p2         |    xor   |      0|  0|   2|           1|           2|
    +----------------------------+----------+-------+---+----+------------+------------+
    |Total                       |          |      0|  0|  96|          40|          60|
    +----------------------------+----------+-------+---+----+------------+------------+

    * Multiplexer: 
    N/A

    * Register: 
    N/A



================================================================
== Interface
================================================================
* Summary: 
+-----------+-----+-----+------------+-----------------------------------------------------------------------+--------------+
| RTL Ports | Dir | Bits|  Protocol  |                             Source Object                             |    C Type    |
+-----------+-----+-----+------------+-----------------------------------------------------------------------+--------------+
|ap_ready   | out |    1| ap_ctrl_hs | cast<ap_fixed<8, 2, 0, 0, 0>, ap_fixed<8, 2, 0, 0, 0>, config26_mult> | return value |
|ap_return  | out |    8| ap_ctrl_hs | cast<ap_fixed<8, 2, 0, 0, 0>, ap_fixed<8, 2, 0, 0, 0>, config26_mult> | return value |
|x_V        |  in |   16|   ap_none  |                                  x_V                                  |    scalar    |
+-----------+-----+-----+------------+-----------------------------------------------------------------------+--------------+

